Archive member included to satisfy reference by file (symbol)

../lib/libmain.a(debug-vector.o)
                              (_DebugExceptionVector)
../lib/libmain.a(double-vector.o)
                              (_DoubleExceptionVector)
../lib/libmain.a(kernel-vector.o)
                              (_KernelExceptionVector)
../lib/libmain.a(nmi-vector.o)
                              (_NMIExceptionVector)
../lib/libmain.a(user-vector.o)
                              (_UserExceptionVector)
../lib/libmain.a(vector.o)    (call_user_start)
../lib/libmain.a(app_main.o)  ../lib/libmain.a(nmi-vector.o) (NMI_Handler)
../lib/libmain.a(ets_timer.o)
                              ../lib/libmain.a(app_main.o) (ets_timer_setfn)
../lib/libmain.a(mem_manager.o)
                              ../lib/libmain.a(app_main.o) (vPortFree)
../lib/libmain.a(user_exceptions.o)
                              ../lib/libmain.a(app_main.o) (load_non_32_wide_handler)
../lib/libmain.a(user_interface.o)
                              ../lib/libmain.a(app_main.o) (done_cb)
../lib/libmain.a(spi_flash.o)
                              ../lib/libmain.a(user_interface.o) (spi_flash_erase_sector)
../lib/libmain.a(eagle_lib.o)
                              ../lib/libmain.a(user_interface.o) (ets_sprintf)
../lib/libmain.a(eagle_lwip_if.o)
                              ../lib/libmain.a(user_interface.o) (hostname)
user/.output/eagle/debug/lib/user.a(user_main.o)
                              ../lib/libmain.a(app_main.o) (user_pre_init)
BMP280/.output/eagle/debug/lib/BMP280.a(bmp280.o)
                              user/.output/eagle/debug/lib/user.a(user_main.o) (initBMP280)
WIFI/.output/eagle/debug/lib/WIFI.a(wifi.o)
                              user/.output/eagle/debug/lib/user.a(user_main.o) (initWifi)
MQTT/.output/eagle/debug/lib/MQTT.a(mqtt.o)
                              user/.output/eagle/debug/lib/user.a(user_main.o) (initMQTT)
../lib/libhal.a(int_asm--set_intclear.o)
                              ../lib/libmain.a(app_main.o) (xthal_set_intclear)
../lib/libphy.a(phy.o)        ../lib/libmain.a(app_main.o) (phy_enable_agc)
../lib/libphy.a(phy_chip_v6_ana.o)
                              ../lib/libmain.a(app_main.o) (chip_v6_set_chan_offset)
../lib/libphy.a(phy_chip_v6.o)
                              ../lib/libphy.a(phy_chip_v6_ana.o) (g_phyFuns)
../lib/libphy.a(phy_chip_v6_cal.o)
                              ../lib/libphy.a(phy_chip_v6.o) (phy_tx_pwr_error)
../lib/libphy.a(phy_chip_v6_unused.o)
                              ../lib/libphy.a(phy_chip_v6.o) (chip_v6_set_sense)
../lib/libphy.a(phy_sleep.o)  ../lib/libmain.a(user_interface.o) (pm_usec2rtc_64)
../lib/libpp.a(if_hwctrl.o)   ../lib/libmain.a(user_interface.o) (ic_set_vif)
../lib/libpp.a(lmac.o)        ../lib/libmain.a(app_main.o) (lmacInit)
../lib/libpp.a(pm.o)          ../lib/libmain.a(user_interface.o) (pm_set_gpio_wakeup_pin)
../lib/libpp.a(pm_for_bcn_only_mode.o)
                              ../lib/libpp.a(pm.o) (fpm_is_open)
../lib/libpp.a(pp.o)          ../lib/libpp.a(pm.o) (pend_flag_noise_check)
../lib/libpp.a(rate_control.o)
                              ../lib/libpp.a(lmac.o) (RC_SetBasicRate)
../lib/libpp.a(trc.o)         ../lib/libmain.a(user_interface.o) (rc_set_rate_limit_id)
../lib/libpp.a(wdev.o)        ../lib/libpp.a(pp.o) (wDevCtrl)
../lib/libpp.a(esf_buf.o)     ../lib/libpp.a(wdev.o) (esf_rx_buf_alloc)
../lib/libnet80211.a(ieee80211.o)
                              ../lib/libmain.a(app_main.o) (g_ic)
../lib/libnet80211.a(ieee80211_crypto.o)
                              ../lib/libnet80211.a(ieee80211.o) (ieee80211_crypto_attach)
../lib/libnet80211.a(ieee80211_ets.o)
                              ../lib/libpp.a(pm.o) (ieee80211_getmgtframe)
../lib/libnet80211.a(ieee80211_hostap.o)
                              ../lib/libmain.a(user_interface.o) (BcnEb_update)
../lib/libnet80211.a(ieee80211_ht.o)
                              ../lib/libmain.a(user_interface.o) (ieee80211_ht_attach)
../lib/libnet80211.a(ieee80211_input.o)
                              ../lib/libnet80211.a(ieee80211_ht.o) (rate_number)
../lib/libnet80211.a(ieee80211_mesh_quick.o)
                              ../lib/libnet80211.a(ieee80211_hostap.o) (ieee80211_mesh_quick_get)
../lib/libnet80211.a(ieee80211_output.o)
                              ../lib/libmain.a(eagle_lwip_if.o) (ieee80211_output_pbuf)
../lib/libnet80211.a(ieee80211_phy.o)
                              ../lib/libmain.a(app_main.o) (ieee80211_phy_init)
../lib/libnet80211.a(ieee80211_power.o)
                              ../lib/libnet80211.a(ieee80211_hostap.o) (ieee80211_psq_init)
../lib/libnet80211.a(ieee80211_proto.o)
                              ../lib/libnet80211.a(ieee80211.o) (ieee80211_proto_attach)
../lib/libnet80211.a(ieee80211_regdomain.o)
                              ../lib/libnet80211.a(ieee80211.o) (ieee80211_regdomain_attach)
../lib/libnet80211.a(ieee80211_rfid.o)
[...]
Memory Configuration

Name             Origin             Length             Attributes
dport0_0_seg     0x000000003ff00000 0x0000000000000010
dram0_0_seg      0x000000003ffe8000 0x0000000000014000
iram1_0_seg      0x0000000040100000 0x0000000000008000
irom0_0_seg      0x0000000040210000 0x000000000005c000
*default*        0x0000000000000000 0xffffffffffffffff

Linker script and memory map

START GROUP
LOAD ../lib/libc.a
LOAD ../lib/libgcc.a
LOAD ../lib/libhal.a
LOAD ../lib/libphy.a
LOAD ../lib/libpp.a
LOAD ../lib/libnet80211.a
LOAD /opt/esp/xtensa-lx106-elf/bin/../lib/gcc/xtensa-lx106-elf/5.2.0/../../../../xtensa-lx106-elf/lib/libm.a
LOAD ../lib/liblwip.a
LOAD ../lib/libwpa.a
LOAD ../lib/libcrypto.a
LOAD ../lib/libmain.a
LOAD ../lib/libjson.a
LOAD ../lib/libupgrade.a
LOAD ../lib/libmbedtls.a
LOAD ../lib/libpwm.a
LOAD ../lib/libdriver.a
LOAD ../lib/libsmartconfig.a
LOAD user/.output/eagle/debug/lib/user.a
LOAD BMP280/.output/eagle/debug/lib/BMP280.a
LOAD WIFI/.output/eagle/debug/lib/WIFI.a
LOAD MQTT/.output/eagle/debug/lib/MQTT.a
END GROUP
                [!provide]                        PROVIDE (_memmap_vecbase_reset, 0x40000000)
                0x0000000000000110                _memmap_cacheattr_wb_base = 0x110
                0x0000000000000110                _memmap_cacheattr_wt_base = 0x110
                0x0000000000000220                _memmap_cacheattr_bp_base = 0x220
                0x00000000fffff00f                _memmap_cacheattr_unused_mask = 0xfffff00f
                0x000000002222211f                _memmap_cacheattr_wb_trapnull = 0x2222211f
                0x000000002222211f                _memmap_cacheattr_wba_trapnull = 0x2222211f
                0x000000002222211f                _memmap_cacheattr_wbna_trapnull = 0x2222211f
                0x000000002222211f                _memmap_cacheattr_wt_trapnull = 0x2222211f
                0x000000002222222f                _memmap_cacheattr_bp_trapnull = 0x2222222f
                0x00000000fffff11f                _memmap_cacheattr_wb_strict = 0xfffff11f
                0x00000000fffff11f                _memmap_cacheattr_wt_strict = 0xfffff11f
                0x00000000fffff22f                _memmap_cacheattr_bp_strict = 0xfffff22f
                0x0000000022222112                _memmap_cacheattr_wb_allvalid = 0x22222112
                0x0000000022222112                _memmap_cacheattr_wt_allvalid = 0x22222112
                0x0000000022222222                _memmap_cacheattr_bp_allvalid = 0x22222222
                [!provide]                        PROVIDE (_memmap_cacheattr_reset, _memmap_cacheattr_wb_trapnull)

.dport0.rodata  0x000000003ff00000        0x0
                0x000000003ff00000                _dport0_rodata_start = ABSOLUTE (.)
 *(.dport0.rodata)
 *(.dport.rodata)
                0x000000003ff00000                _dport0_rodata_end = ABSOLUTE (.)

.dport0.literal
                0x000000003ff00000        0x0
                0x000000003ff00000                _dport0_literal_start = ABSOLUTE (.)
 *(.dport0.literal)
 *(.dport.literal)
                0x000000003ff00000                _dport0_literal_end = ABSOLUTE (.)

.dport0.data    0x000000003ff00000        0x0
                0x000000003ff00000                _dport0_data_start = ABSOLUTE (.)
 *(.dport0.data)
 *(.dport.data)
                0x000000003ff00000                _dport0_data_end = ABSOLUTE (.)

.data           0x000000003ffe8000      0x4f6
                0x000000003ffe8000                _data_start = ABSOLUTE (.)
 *(.data)
 .data          0x000000003ffe8000        0x4 ../lib/libmain.a(nmi-vector.o)
                0x000000003ffe8000                _Pri_3_HandlerAddress
 .data          0x000000003ffe8004        0x1 ../lib/libmain.a(app_main.o)
 *fill*         0x000000003ffe8005        0x3 
 .data          0x000000003ffe8008       0x11 ../lib/libmain.a(user_interface.o)
                0x000000003ffe800c                system_param_sector_start
                0x000000003ffe8010                bin_sum_len
                0x000000003ffe8014                timer2_ms_flag
                0x000000003ffe8015                dhcps_flag
                0x000000003ffe8016                dhcpc_flag
                0x000000003ffe8018                reconnect_internal
 *fill*         0x000000003ffe8019        0x3 
 .data          0x000000003ffe801c        0x1 ../lib/libmain.a(eagle_lwip_if.o)
                0x000000003ffe801c                default_hostname
 *fill*         0x000000003ffe801d        0x3 
 .data          0x000000003ffe8020       0x53 ../lib/libphy.a(phy_chip_v6.o)
                0x000000003ffe8022                tx_rf_ana_gain
                0x000000003ffe8050                rx_gain_swp
                0x000000003ffe8070                test_rffreq_txcap
 *fill*         0x000000003ffe8073        0x1 
 .data          0x000000003ffe8074        0x1 ../lib/libphy.a(phy_chip_v6_cal.o)
                0x000000003ffe8074                rfcal_bb_atten_init
 *fill*         0x000000003ffe8075        0x3 
 .data          0x000000003ffe8078        0x4 ../lib/libphy.a(phy_sleep.o)
                0x000000003ffe8078                chip_version
 .data          0x000000003ffe807c        0x1 ../lib/libpp.a(pm.o)
 *fill*         0x000000003ffe807d        0x3 
 .data          0x000000003ffe8080        0x1 ../lib/libpp.a(pm_for_bcn_only_mode.o)
 *fill*         0x000000003ffe8081        0x3 
 .data          0x000000003ffe8084       0x1c ../lib/libpp.a(pp.o)
                0x000000003ffe8084                soft_wdt_interval
                0x000000003ffe8088                NoiseTimerInterval
                0x000000003ffe8090                sleep_start_wait_time
                0x000000003ffe8098                CanDoFreqCal
                0x000000003ffe8099                test_freq_val_first
                0x000000003ffe809c                tcb
 .data          0x000000003ffe80a0       0x40 ../lib/libpp.a(rate_control.o)
 .data          0x000000003ffe80e0      0x250 ../lib/libpp.a(trc.o)
 .data          0x000000003ffe8330        0x8 ../lib/libpp.a(wdev.o)
 .data          0x000000003ffe8338        0x1 ../lib/libnet80211.a(ieee80211_hostap.o)
                0x000000003ffe8338                TmpSTAAPCloseAP
 *fill*         0x000000003ffe8339        0x7 
 .data          0x000000003ffe8340      0x180 ../lib/libnet80211.a(ieee80211_input.o)
                0x000000003ffe8340                rate_11b_rate2_rateid_table
                0x000000003ffe8360                rate_11g_rate2_rateid_table
                0x000000003ffe83c0                rate_11n_rate2_rateid_table
                0x000000003ffe8420                rate2_phyrate_table
 .data          0x000000003ffe84c0        0x1 ../lib/libnet80211.a(ieee80211_scan.o)
                0x000000003ffe84c0                TestStaFreqCalValOK
 *fill*         0x000000003ffe84c1        0x3 
 .data          0x000000003ffe84c4        0x1 ../lib/libnet80211.a(wl_cnx.o)
 *fill*         0x000000003ffe84c5        0x3 
 .data          0x000000003ffe84c8       0x1c ../lib/libnet80211.a(ieee80211_action.o)
 .data          0x000000003ffe84e4        0x4 ../lib/libc.a(lib_a-ctype_.o)
                0x000000003ffe84e4                __ctype_ptr__
 *(.data.*)
 .data.dhcps_lease_time
                0x000000003ffe84e8        0x4 ../lib/liblwip.a(dhcpserver.o)
                0x000000003ffe84e8                dhcps_lease_time
 .data.offer    0x000000003ffe84ec        0x1 ../lib/liblwip.a(dhcpserver.o)
 *fill*         0x000000003ffe84ed        0x3 
 .data.iss$2686
                0x000000003ffe84f0        0x4 ../lib/liblwip.a(tcp.o)
 .data.port$2542
                0x000000003ffe84f4        0x2 ../lib/liblwip.a(tcp.o)
 *(.gnu.linkonce.d.*)
 *(.data1)
 *(.sdata)
 *(.sdata.*)
 *(.gnu.linkonce.s.*)
 *(.sdata2)
 *(.sdata2.*)
 *(.gnu.linkonce.s2.*)
 *(.jcr)
                0x000000003ffe84f6                _data_end = ABSOLUTE (.)

.rodata         0x000000003ffe8500      0x5a8
                0x000000003ffe8500                _rodata_start = ABSOLUTE (.)
 *(.sdk.version)
 .sdk.version   0x000000003ffe8500       0x13 ../lib/libmain.a(app_main.o)
                0x000000003ffe8500                SDK_VERSION
 *(.rodata)
 *fill*         0x000000003ffe8513        0xd 
 .rodata        0x000000003ffe8520       0x37 ../lib/libmain.a(mem_manager.o)
 .rodata        0x000000003ffe8557        0x4 WIFI/.output/eagle/debug/lib/WIFI.a(wifi.o)
 *fill*         0x000000003ffe855b        0x1 
 .rodata        0x000000003ffe855c        0x8 ../lib/libphy.a(phy_chip_v6.o)
 .rodata        0x000000003ffe8564        0x8 ../lib/libpp.a(pp.o)
 .rodata        0x000000003ffe856c        0x8 ../lib/libnet80211.a(ieee80211_hostap.o)
 *fill*         0x000000003ffe8574        0xc 
 .rodata        0x000000003ffe8580       0x10 ../lib/libnet80211.a(ieee80211_ht.o)
 .rodata        0x000000003ffe8590        0x4 ../lib/libnet80211.a(ieee80211_input.o)
 .rodata        0x000000003ffe8594        0x9 ../lib/libnet80211.a(ieee80211_output.o)
 *fill*         0x000000003ffe859d        0x3 
 .rodata        0x000000003ffe85a0        0x4 ../lib/libnet80211.a(wl_cnx.o)
 .rodata        0x000000003ffe85a4       0x44 ../lib/liblwip.a(espconn_tcp.o)
 .rodata        0x000000003ffe85e8       0x14 ../lib/liblwip.a(pbuf.o)
 .rodata        0x000000003ffe85fc       0x20 ../lib/liblwip.a(tcp_in.o)
 *fill*         0x000000003ffe861c        0x4 
 .rodata        0x000000003ffe8620       0x20 ../lib/libwpa.a(wpa.o)
 .rodata        0x000000003ffe8640      0x101 ../lib/libc.a(lib_a-ctype_.o)
                0x000000003ffe8640                _ctype_
 *(.rodata.*)
 *fill*         0x000000003ffe8741        0x3 
 .rodata.str1.4
                0x000000003ffe8744       0x11 ../lib/libmain.a(app_main.o)
 *fill*         0x000000003ffe8755        0x3 
 .rodata.str1.4
                0x000000003ffe8758        0xc ../lib/libmain.a(ets_timer.o)
 .rodata.str1.4
                0x000000003ffe8764       0x36 ../lib/libmain.a(mem_manager.o)
 .rodata.str1.1
                0x000000003ffe879a       0xd4 user/.output/eagle/debug/lib/user.a(user_main.o)
 *fill*         0x000000003ffe886e        0x2 
 .rodata.at_partition_table
                0x000000003ffe8870       0x24 user/.output/eagle/debug/lib/user.a(user_main.o)
 .rodata.str1.1
                0x000000003ffe8894      0x146 WIFI/.output/eagle/debug/lib/WIFI.a(wifi.o)
                                        0x14a (size before relaxing)
 .rodata.str1.1
                0x000000003ffe89da        0xd MQTT/.output/eagle/debug/lib/MQTT.a(mqtt.o)
                                          0xe (size before relaxing)
 *fill*         0x000000003ffe89e7        0x1 
 .rodata.str1.4
                0x000000003ffe89e8        0x4 ../lib/libpp.a(lmac.o)
                                          0xc (size before relaxing)
 .rodata.str1.4
                0x000000003ffe89ec        0x3 ../lib/libpp.a(pm.o)
                                          0xb (size before relaxing)
 *fill*         0x000000003ffe89ef        0x1 
 .rodata.str1.4
                0x000000003ffe89f0        0x4 ../lib/libpp.a(pm_for_bcn_only_mode.o)
                                          0xc (size before relaxing)
 .rodata.str1.4
                0x000000003ffe89f4        0x8 ../lib/libpp.a(pp.o)
                                         0x10 (size before relaxing)
 .rodata.str1.4
                0x000000003ffe89fc        0x4 ../lib/libpp.a(wdev.o)
                                          0xc (size before relaxing)
 .rodata.str1.4
                0x000000003ffe8a00        0xc ../lib/libpp.a(esf_buf.o)
 .rodata.str1.4
                0x000000003ffe8a0c        0x4 ../lib/libnet80211.a(ieee80211_hostap.o)
                                          0x8 (size before relaxing)
 .rodata.str1.4
                0x000000003ffe8a10        0x4 ../lib/libnet80211.a(ieee80211_sta.o)
 .rodata.str1.4
                0x000000003ffe8a10        0x4 ../lib/libnet80211.a(ieee80211_ie_vendor.o)
 .rodata.str1.1
                0x000000003ffe8a10        0x1 ../lib/liblwip.a(dhcp.o)
 .rodata.str1.1
                0x000000003ffe8a10        0x1 ../lib/liblwip.a(dhcpserver.o)
 .rodata.str1.1
                0x000000003ffe8a10        0x1 ../lib/liblwip.a(dns.o)
 .rodata.str1.1
                0x000000003ffe8a10        0x1 ../lib/liblwip.a(espconn.o)
 .rodata.str1.1
                0x000000003ffe8a10        0x1 ../lib/liblwip.a(espconn_buf.o)
 .rodata.__func__$2016
                0x000000003ffe8a10       0x14 ../lib/liblwip.a(espconn_buf.o)
 .rodata.__func__$2000
                0x000000003ffe8a24       0x14 ../lib/liblwip.a(espconn_buf.o)
 .rodata.__func__$1961
                0x000000003ffe8a38        0xe ../lib/liblwip.a(espconn_buf.o)
 .rodata.__func__$1984
                0x000000003ffe8a46        0xf ../lib/liblwip.a(espconn_buf.o)
 .rodata.__func__$1971
                0x000000003ffe8a55       0x10 ../lib/liblwip.a(espconn_buf.o)
 .rodata.__func__$1930
                0x000000003ffe8a65        0xd ../lib/liblwip.a(espconn_buf.o)
 .rodata.str1.1
                0x000000003ffe8a72        0x1 ../lib/liblwip.a(espconn_tcp.o)
 .rodata.str1.1
                0x000000003ffe8a72        0x1 ../lib/liblwip.a(espconn_udp.o)
 .rodata.str1.1
                0x000000003ffe8a72        0x1 ../lib/liblwip.a(etharp.o)
 .rodata.ethzero
                0x000000003ffe8a72        0x6 ../lib/liblwip.a(etharp.o)
                0x000000003ffe8a72                ethzero
 .rodata.ethbroadcast
                0x000000003ffe8a78        0x6 ../lib/liblwip.a(etharp.o)
                0x000000003ffe8a78                ethbroadcast
 .rodata.str1.1
                0x000000003ffe8a7e        0x1 ../lib/liblwip.a(igmp.o)
 .rodata.str1.1
                0x000000003ffe8a7e        0x1 ../lib/liblwip.a(pbuf.o)
 .rodata.str1.1
                0x000000003ffe8a7e        0x1 ../lib/liblwip.a(raw.o)
 .rodata.str1.1
                0x000000003ffe8a7e        0x1 ../lib/liblwip.a(tcp.o)
 *fill*         0x000000003ffe8a7e        0x2 
 .rodata.tcp_close_shutdown
                0x000000003ffe8a80       0x20 ../lib/liblwip.a(tcp.o)
 .rodata.str1.1
                0x000000003ffe8aa0        0x1 ../lib/liblwip.a(tcp_in.o)
 .rodata.str1.1
                0x000000003ffe8aa0        0x1 ../lib/liblwip.a(tcp_out.o)
 .rodata.str1.1
                0x000000003ffe8aa0        0x1 ../lib/liblwip.a(timers.o)
 .rodata.str1.1
                0x000000003ffe8aa0        0x1 ../lib/liblwip.a(udp.o)
 *(.gnu.linkonce.r.*)
 *(.rodata1)
                0x000000003ffe8aa1                __XT_EXCEPTION_TABLE__ = ABSOLUTE (.)
 *(.xt_except_table)
 *(.gcc_except_table)
 *(.gnu.linkonce.e.*)
 *(.gnu.version_r)
 *(.eh_frame)
 *crtbegin.o(.ctors)
 *(EXCLUDE_FILE(*crtend.o) .ctors)
 *(SORT(.ctors.*))
 *(.ctors)
 *crtbegin.o(.dtors)
 *(EXCLUDE_FILE(*crtend.o) .dtors)
 *(SORT(.dtors.*))
 *(.dtors)
                0x000000003ffe8aa1                __XT_EXCEPTION_DESCS__ = ABSOLUTE (.)
 *(.xt_except_desc)
 *(.gnu.linkonce.h.*)
                0x000000003ffe8aa1                __XT_EXCEPTION_DESCS_END__ = ABSOLUTE (.)
 *(.xt_except_desc_end)
 *(.dynamic)
 *(.gnu.version_d)
                0x000000003ffe8aa4                . = ALIGN (0x4)
                0x000000003ffe8aa4                _bss_table_start = ABSOLUTE (.)
                0x000000003ffe8aa0        0x4 LONG 0x3ffe8aa8 _bss_start
                0x000000003ffe8aa4        0x4 LONG 0x3ffeeec8 _bss_end
                0x000000003ffe8aa8                _bss_table_end = ABSOLUTE (.)
                0x000000003ffe8aa8                _rodata_end = ABSOLUTE (.)

.bss            0x000000003ffe8aa8     0x6420
                0x000000003ffe8aa8                . = ALIGN (0x8)
                0x000000003ffe8aa8                _bss_start = ABSOLUTE (.)
 *(.dynsbss)
 *(.sbss)
 *(.sbss.*)
 *(.gnu.linkonce.sb.*)
 *(.scommon)
 *(.sbss2)
 *(.sbss2.*)
 *(.gnu.linkonce.sb2.*)
 *(.dynbss)
 *(.bss)
 *fill*         0x000000003ffe8aa8        0x8 
 .bss           0x000000003ffe8ab0      0x1c0 ../lib/libmain.a(nmi-vector.o)
 .bss           0x000000003ffe8c70       0x49 ../lib/libmain.a(app_main.o)
                0x000000003ffe8c74                info
                0x000000003ffe8c98                freq_trace_enable
                0x000000003ffe8c9a                lwip_timer_interval
                0x000000003ffe8c9c                check_timeouts_timer
                0x000000003ffe8cb0                system_phy_init_sector
                0x000000003ffe8cb4                system_rf_cal_sector
                0x000000003ffe8cb8                user_init_flag
 *fill*         0x000000003ffe8cb9        0x7 
 .bss           0x000000003ffe8cc0       0x30 ../lib/libmain.a(ets_timer.o)
                0x000000003ffe8cc0                dbg_timer_flag
                0x000000003ffe8cc4                timer_list
                0x000000003ffe8cc8                debug_timer
                0x000000003ffe8ccc                debug_timerfn
 .bss           0x000000003ffe8cf0       0x61 ../lib/libmain.a(mem_manager.o)
 *fill*         0x000000003ffe8d51        0x3 
 .bss           0x000000003ffe8d54        0x4 ../lib/libmain.a(user_exceptions.o)
 *fill*         0x000000003ffe8d58        0x8 
 .bss           0x000000003ffe8d60      0x262 ../lib/libmain.a(user_interface.o)
                0x000000003ffe8e62                protect_flag
                0x000000003ffe8e70                deep_sleep_flag
                0x000000003ffe8e71                cpu_overclock
                0x000000003ffe8e74                event_cb
                0x000000003ffe8e78                status_led_output_level
                0x000000003ffe8e7c                done_cb
                0x000000003ffe8e80                rst_if
                0x000000003ffe8e9c                default_interface
                0x000000003ffe8e9d                OpmodChgIsOnGoing
                0x000000003ffe8e9e                open_signaling_measurement
                0x000000003ffe8ea0                promiscuous_cb
                0x000000003ffe8ec0                event_TaskQueue
 *fill*         0x000000003ffe8fc2        0x2 
 .bss           0x000000003ffe8fc4        0x4 ../lib/libmain.a(spi_flash.o)
                0x000000003ffe8fc4                flash_read
 .bss           0x000000003ffe8fc8        0xc ../lib/libmain.a(eagle_lwip_if.o)
                0x000000003ffe8fc8                hostname
 .bss           0x000000003ffe8fd4        0x4 ../lib/libphy.a(phy.o)
 .bss           0x000000003ffe8fd8        0x2 ../lib/libphy.a(phy_chip_v6_ana.o)
                0x000000003ffe8fd8                tout_dis_txpwr_track
                0x000000003ffe8fd9                sleep_mode_flag
 *fill*         0x000000003ffe8fda        0x6 
 .bss           0x000000003ffe8fe0      0x153 ../lib/libphy.a(phy_chip_v6.o)
                0x000000003ffe8fe0                g_phyFuns
                0x000000003ffe8fe4                rxiq_compute_num
                0x000000003ffe8fe8                rx_table_renew_en
                0x000000003ffe8fec                check_result
                0x000000003ffe8ff0                chip6_sleep_params
                0x000000003ffe9084                chip6_phy_init_ctrl
                0x000000003ffe90f8                phy_freq_offset
                0x000000003ffe90fa                do_pwctrl_flag
                0x000000003ffe90fb                txbk_dpdby_flag
                0x000000003ffe90fd                sw_scan_mode
                0x000000003ffe90fe                rxmax_ext_level
                0x000000003ffe9100                phy_rx_gain_dc_table
                0x000000003ffe9104                tx_data1
                0x000000003ffe9108                tx_data2
                0x000000003ffe910c                tx_data3
                0x000000003ffe9110                tx_data4
                0x000000003ffe9114                periodic_cal_flag
                0x000000003ffe9115                bbpll_cal_flag
                0x000000003ffe9116                phy_in_most_power
                0x000000003ffe9117                init_rf_no_cal
                0x000000003ffe9118                test_print_time
                0x000000003ffe911c                phy_in_vdd33_offset
                0x000000003ffe911d                phy_set_most_tpw_disbg
                0x000000003ffe911e                phy_set_most_tpw_index
                0x000000003ffe9120                adc_rand_noise
                0x000000003ffe9124                phy_rx_gain_dc_flag
                0x000000003ffe9125                dpd_bypass_original
                0x000000003ffe9126                phy_txpwr_diff_flash
                0x000000003ffe9128                noise_array
 *fill*         0x000000003ffe9133        0x1 
 .bss           0x000000003ffe9134        0x9 ../lib/libphy.a(phy_chip_v6_cal.o)
                0x000000003ffe9134                phy_tx_power_out
                0x000000003ffe9136                phy_tx_pwr_error
                0x000000003ffe9138                tx_pwctrl_track_num
                0x000000003ffe9139                rxiq_cover_fail_num
                0x000000003ffe913a                phy_meas_freq_offset
                0x000000003ffe913c                tx_pwctrl_pk_num
 *fill*         0x000000003ffe913d        0x3 
 .bss           0x000000003ffe9140        0x7 ../lib/libphy.a(phy_sleep.o)
                0x000000003ffe9140                periodic_cal_sat
                0x000000003ffe9142                lslp_mem_opt_8266
                0x000000003ffe9144                software_slp_reject
                0x000000003ffe9145                SDIO_slp_reject
                0x000000003ffe9146                hardware_reject
 *fill*         0x000000003ffe9147        0x9 
 .bss           0x000000003ffe9150       0x40 ../lib/libpp.a(if_hwctrl.o)
                0x000000003ffe9150                interface_mask
                0x000000003ffe9170                if_ctrl
 .bss           0x000000003ffe9190      0x150 ../lib/libpp.a(lmac.o)
                0x000000003ffe9194                lmacConfMib
                0x000000003ffe91b8                our_tx_eb
 .bss           0x000000003ffe92e0      0x13a ../lib/libpp.a(pm.o)
                0x000000003ffe92e0                pmc
 *fill*         0x000000003ffe941a        0x2 
 .bss           0x000000003ffe941c       0x38 ../lib/libpp.a(pm_for_bcn_only_mode.o)
 *fill*         0x000000003ffe9454        0xc 
 .bss           0x000000003ffe9460      0x342 ../lib/libpp.a(pp.o)
                0x000000003ffe9478                pend_flag_noise_check
                0x000000003ffe9480                pend_flag_periodic_cal
                0x000000003ffe9498                idle_timer_reopen_flag
                0x000000003ffe949a                dbg_stop_sw_wdt
                0x000000003ffe949b                dbg_stop_hw_wdt
                0x000000003ffe949d                total_buffed_eb_num
                0x000000003ffe94a0                freq_change_sta_scan
                0x000000003ffe94b4                test_freq_val_force_flag
                0x000000003ffe94b6                TestStaFreqCalValFilter
                0x000000003ffe94b8                PktsNumInOneChk
                0x000000003ffe94bc                AllFreqOffsetInOneChk
                0x000000003ffe94c0                AvgFreqOffsetInOneChk
                0x000000003ffe94c2                HighestFreqOffsetInOneChk
                0x000000003ffe94c4                LowestFreqOffsetInOneChk
                0x000000003ffe94c6                pktnum_sta_freqcal
                0x000000003ffe94c8                all_freqoffset_sta_freqcal
                0x000000003ffe94ca                avg_freqoffset_sta_freqcal
                0x000000003ffe94cc                DefFreqCalTimer
                0x000000003ffe94e0                PktNumInOneChk
                0x000000003ffe9660                buffed_eb_arr
 *fill*         0x000000003ffe97a2        0xe 
 .bss           0x000000003ffe97b0      0x100 ../lib/libpp.a(rate_control.o)
 .bss           0x000000003ffe98b0      0x46c ../lib/libpp.a(trc.o)
 *fill*         0x000000003ffe9d1c        0x4 
 .bss           0x000000003ffe9d20     0x2f88 ../lib/libpp.a(wdev.o)
                0x000000003ffe9d20                wDevCtrl
                0x000000003ffe9ec8                WdevTimOffSet
 *fill*         0x000000003ffecca8        0x8 
 .bss           0x000000003ffeccb0      0xaa4 ../lib/libpp.a(esf_buf.o)
 .bss           0x000000003ffed754      0x6a8 ../lib/libnet80211.a(ieee80211.o)
                0x000000003ffed754                g_ic
 .bss           0x000000003ffeddfc       0x49 ../lib/libnet80211.a(ieee80211_hostap.o)
                0x000000003ffeddfc                BcnEb_update
                0x000000003ffede09                BcnWithMcastSendStart
                0x000000003ffede0a                BcnWithMcastSendCnt
                0x000000003ffede24                PendFreeBcnEb
                0x000000003ffede26                ap_freq_force_to_scan
                0x000000003ffede28                ApFreqCalTimer
                0x000000003ffede3c                APRecvBcnStartTick
 *fill*         0x000000003ffede45        0x3 
 .bss           0x000000003ffede48        0x4 ../lib/libnet80211.a(ieee80211_ht.o)
                0x000000003ffede48                max_11n_rate
 .bss           0x000000003ffede4c        0x9 ../lib/libnet80211.a(ieee80211_input.o)
                0x000000003ffede4c                max_11b_rate
                0x000000003ffede50                max_11g_rate
                0x000000003ffede54                rate_number
 *fill*         0x000000003ffede55        0x3 
 .bss           0x000000003ffede58       0xcc ../lib/libnet80211.a(ieee80211_scan.o)
                0x000000003ffede58                gScanStruct
                0x000000003ffedf04                freq_change_check_softap_link_enable
                0x000000003ffedf05                FreqCalCntForScan
                0x000000003ffedf06                TestStaFreqCalValInput
                0x000000003ffedf08                TestStaFreqCalValDev
                0x000000003ffedf0a                connect_scan_flag
                0x000000003ffedf0b                auth_type
                0x000000003ffedf0c                scannum
 *fill*         0x000000003ffedf24        0x4 
 .bss           0x000000003ffedf28       0x28 ../lib/libnet80211.a(ieee80211_sta.o)
 .bss           0x000000003ffedf50       0x54 ../lib/libnet80211.a(wl_chm.o)
 *fill*         0x000000003ffedfa4        0x4 
 .bss           0x000000003ffedfa8      0x3ac ../lib/libnet80211.a(wl_cnx.o)
                0x000000003ffee320                sta_con_timer
                0x000000003ffee334                backup_ni_connect_status
                0x000000003ffee338                g_cnx_probe_rc_list_cb
                0x000000003ffee33c                reconnect_flag
                0x000000003ffee33d                no_ap_found_index
 *fill*         0x000000003ffee354        0x4 
 .bss           0x000000003ffee358       0x18 ../lib/libnet80211.a(ieee80211_action_vendor.o)
 .bss           0x000000003ffee370       0x60 ../lib/libwpa.a(wpa_auth.o)
                0x000000003ffee374                resend_eapol
 .bss           0x000000003ffee3d0      0x26a ../lib/libwpa.a(wpa.o)
 *fill*         0x000000003ffee63a        0x2 
 .bss           0x000000003ffee63c       0x11 ../lib/libmain.a(app_partition.o)
 *fill*         0x000000003ffee64d        0x3 
 .bss           0x000000003ffee650        0x8 ../lib/libnet80211.a(ieee80211_crypto_tkip.o)
 *(.bss.*)
 .bss.mqtt_publish_timer
                0x000000003ffee658       0x14 user/.output/eagle/debug/lib/user.a(user_main.o)
 .bss.mqtt      0x000000003ffee66c       0x18 user/.output/eagle/debug/lib/user.a(user_main.o)
 .bss.wifi      0x000000003ffee684       0x14 user/.output/eagle/debug/lib/user.a(user_main.o)
 .bss.bmp280    0x000000003ffee698       0x10 user/.output/eagle/debug/lib/user.a(user_main.o)
 .bss.user_tcp_conn
                0x000000003ffee6a8       0x1c WIFI/.output/eagle/debug/lib/WIFI.a(wifi.o)
 .bss.user_tcp  0x000000003ffee6c4       0x20 WIFI/.output/eagle/debug/lib/WIFI.a(wifi.o)
 .bss.test_timer
                0x000000003ffee6e4       0x14 WIFI/.output/eagle/debug/lib/WIFI.a(wifi.o)
 .bss.xid$2598  0x000000003ffee6f8        0x4 ../lib/liblwip.a(dhcp.o)
 .bss.xid_initialised$2599
                0x000000003ffee6fc        0x1 ../lib/liblwip.a(dhcp.o)
 .bss.manual_set_flag
                0x000000003ffee6fd        0x1 ../lib/liblwip.a(dhcp.o)
                0x000000003ffee6fd                manual_set_flag
 .bss.renew     0x000000003ffee6fe        0x1 ../lib/liblwip.a(dhcpserver.o)
 *fill*         0x000000003ffee6ff        0x1 
 .bss.plist     0x000000003ffee700        0x4 ../lib/liblwip.a(dhcpserver.o)
 .bss.dhcps_lease
                0x000000003ffee704        0xc ../lib/liblwip.a(dhcpserver.o)
 .bss.client_address
                0x000000003ffee710        0x4 ../lib/liblwip.a(dhcpserver.o)
 .bss.server_address
                0x000000003ffee714        0x4 ../lib/liblwip.a(dhcpserver.o)
 .bss.broadcast_dhcps
                0x000000003ffee718        0x4 ../lib/liblwip.a(dhcpserver.o)
 .bss.pcb_dhcps
                0x000000003ffee71c        0x4 ../lib/liblwip.a(dhcpserver.o)
 .bss.dns_random
                0x000000003ffee720        0x2 ../lib/liblwip.a(dns.o)
 *fill*         0x000000003ffee722        0x2 
 .bss.dns_payload
                0x000000003ffee724        0x4 ../lib/liblwip.a(dns.o)
 .bss.dns_servers
                0x000000003ffee728        0x8 ../lib/liblwip.a(dns.o)
 .bss.dns_table
                0x000000003ffee730      0x460 ../lib/liblwip.a(dns.o)
 .bss.dns_seqno
                0x000000003ffeeb90        0x1 ../lib/liblwip.a(dns.o)
 *fill*         0x000000003ffeeb91        0x3 
 .bss.dns_pcb   0x000000003ffeeb94        0x4 ../lib/liblwip.a(dns.o)
 .bss.randnum$3841
                0x000000003ffeeb98        0x4 ../lib/liblwip.a(espconn.o)
 .bss.pserver_list
                0x000000003ffeeb9c        0x4 ../lib/liblwip.a(espconn.o)
                0x000000003ffeeb9c                pserver_list
 .bss.plink_active
                0x000000003ffeeba0        0x4 ../lib/liblwip.a(espconn.o)
                0x000000003ffeeba0                plink_active
 .bss.etharp_cached_entry
                0x000000003ffeeba4        0x1 ../lib/liblwip.a(etharp.o)
 *fill*         0x000000003ffeeba5        0x3 
 .bss.arp_table
                0x000000003ffeeba8       0xf0 ../lib/liblwip.a(etharp.o)
 .bss.allrouters
                0x000000003ffeec98        0x4 ../lib/liblwip.a(igmp.o)
 .bss.allsystems
                0x000000003ffeec9c        0x4 ../lib/liblwip.a(igmp.o)
 .bss.igmp_group_list
                0x000000003ffeeca0        0x4 ../lib/liblwip.a(igmp.o)
 .bss.ip_id     0x000000003ffeeca4        0x2 ../lib/liblwip.a(ip.o)
 .bss.str$2087  0x000000003ffeeca6       0x10 ../lib/liblwip.a(ip_addr.o)
 .bss.netifnum$2639
                0x000000003ffeecb6        0x1 ../lib/liblwip.a(netif.o)
 *fill*         0x000000003ffeecb7        0x1 
 .bss.raw_pcbs  0x000000003ffeecb8        0x4 ../lib/liblwip.a(raw.o)
 .bss.tcp_timer
                0x000000003ffeecbc        0x1 ../lib/liblwip.a(tcp.o)
 *fill*         0x000000003ffeecbd        0x3 
 .bss.recv_data
                0x000000003ffeecc0        0x4 ../lib/liblwip.a(tcp_in.o)
 .bss.recv_flags
                0x000000003ffeecc4        0x1 ../lib/liblwip.a(tcp_in.o)
 *fill*         0x000000003ffeecc5        0x1 
 .bss.tcplen    0x000000003ffeecc6        0x2 ../lib/liblwip.a(tcp_in.o)
 .bss.flags     0x000000003ffeecc8        0x1 ../lib/liblwip.a(tcp_in.o)
 *fill*         0x000000003ffeecc9        0x3 
 .bss.ackno     0x000000003ffeeccc        0x4 ../lib/liblwip.a(tcp_in.o)
 .bss.seqno     0x000000003ffeecd0        0x4 ../lib/liblwip.a(tcp_in.o)
 .bss.iphdr     0x000000003ffeecd4        0x4 ../lib/liblwip.a(tcp_in.o)
 .bss.tcphdr    0x000000003ffeecd8        0x4 ../lib/liblwip.a(tcp_in.o)
 .bss.inseg     0x000000003ffeecdc       0x14 ../lib/liblwip.a(tcp_in.o)
 .bss.tcpip_tcp_timer_active
                0x000000003ffeecf0        0x4 ../lib/liblwip.a(timers.o)
 .bss.timeouts_last_time
                0x000000003ffeecf4        0x4 ../lib/liblwip.a(timers.o)
 .bss.next_timeout
                0x000000003ffeecf8        0x4 ../lib/liblwip.a(timers.o)
 *(.gnu.linkonce.b.*)
 *(COMMON)
 COMMON         0x000000003ffeecfc        0x8 WIFI/.output/eagle/debug/lib/WIFI.a(wifi.o)
                0x000000003ffeecfc                pckt_size
                0x000000003ffeed00                currentPacket
 COMMON         0x000000003ffeed04       0x34 ../lib/liblwip.a(dhcp.o)
                0x000000003ffeed04                dhcp_rx_options_given
                0x000000003ffeed10                dhcp_rx_options_val
 COMMON         0x000000003ffeed38       0xdc ../lib/liblwip.a(espconn.o)
                0x000000003ffeed38                premot
                0x000000003ffeedec                pktinfo
 COMMON         0x000000003ffeee14       0x78 ../lib/liblwip.a(espconn_tcp.o)
                0x000000003ffeee14                espconn_TaskQueue
 COMMON         0x000000003ffeee8c       0x10 ../lib/liblwip.a(ip.o)
                0x000000003ffeee8c                current_iphdr_src
                0x000000003ffeee90                current_netif
                0x000000003ffeee94                current_iphdr_dest
                0x000000003ffeee98                current_header
 COMMON         0x000000003ffeee9c        0x8 ../lib/liblwip.a(netif.o)
                0x000000003ffeee9c                netif_list
                0x000000003ffeeea0                netif_default
 COMMON         0x000000003ffeeea4       0x18 ../lib/liblwip.a(tcp.o)
                0x000000003ffeeea4                tcp_active_pcbs
                0x000000003ffeeea8                tcp_ticks
                0x000000003ffeeeac                tcp_listen_pcbs
                0x000000003ffeeeb0                tcp_tmp_pcb
                0x000000003ffeeeb4                tcp_bound_pcbs
                0x000000003ffeeeb8                tcp_tw_pcbs
 COMMON         0x000000003ffeeebc        0x4 ../lib/liblwip.a(tcp_in.o)
                0x000000003ffeeebc                tcp_input_pcb
 COMMON         0x000000003ffeeec0        0x4 ../lib/liblwip.a(udp.o)
                0x000000003ffeeec0                udp_pcbs
                0x000000003ffeeec8                . = ALIGN (0x8)
 *fill*         0x000000003ffeeec4        0x4 
                0x000000003ffeeec8                _bss_end = ABSOLUTE (.)
                0x000000003ffeeec8                _heap_start = ABSOLUTE (.)

.irom0.text     0x0000000040210000    0x321e0
                0x0000000040210000                _irom0_text_start = ABSOLUTE (.)
 *libat.a:(.literal.* .text.*)
 *libcrypto.a:(.literal.* .text.*)
 .text.aes_wrap
                0x0000000040210000       0xe7 ../lib/libcrypto.a(aes-wrap.o)
                                        0x103 (size before relaxing)
                0x0000000040210008                aes_wrap
 *fill*         0x00000000402100e7        0x1 
 .text.rijndaelEncrypt
                0x00000000402100e8      0x426 ../lib/libcrypto.a(aes-internal-enc.o)
                0x00000000402100f8                rijndaelEncrypt
 *fill*         0x000000004021050e        0x2 
 .text.aes_encrypt_init
                0x0000000040210510       0x61 ../lib/libcrypto.a(aes-internal-enc.o)
                                         0x69 (size before relaxing)
                0x000000004021051c                aes_encrypt_init
 *fill*         0x0000000040210571        0x3 
 .text.aes_encrypt
                0x0000000040210574       0x19 ../lib/libcrypto.a(aes-internal-enc.o)
                                         0x1d (size before relaxing)
                0x0000000040210574                aes_encrypt
 *fill*         0x000000004021058d        0x3 
 .text.aes_encrypt_deinit
                0x0000000040210590       0x2b ../lib/libcrypto.a(aes-internal-enc.o)
                                         0x37 (size before relaxing)
                0x0000000040210590                aes_encrypt_deinit
 *fill*         0x00000000402105bb        0x1 
 .text.rijndaelKeySetupEnc
                0x00000000402105bc      0x304 ../lib/libcrypto.a(aes-internal.o)
                                        0x31c (size before relaxing)
                0x00000000402105c0                rijndaelKeySetupEnc
 *fill*         0x00000000402108c0        0x0 
 *fill*         0x00000000402108c0        0x0 
 *fill*         0x00000000402108c0        0x0 
 *fill*         0x00000000402108c0        0x0 
 *fill*         0x00000000402108c0        0x0 
 *libespnow.a:(.literal.* .text.*)
 *libjson.a:(.literal.* .text.*)
 *liblwip.a:(.literal.* .text.*)
 .text.tcp_new_port
                0x00000000402108c0       0x6b ../lib/liblwip.a(tcp.o)
                                         0x73 (size before relaxing)
 *fill*         0x000000004021092b        0x1 
 .text.tcp_close_shutdown
                0x000000004021092c      0x161 ../lib/liblwip.a(tcp.o)
                                        0x18d (size before relaxing)
 *fill*         0x0000000040210a8d        0x3 
 .text.dns_timer
                0x0000000040210a90       0x21 ../lib/liblwip.a(timers.o)
                                         0x2d (size before relaxing)
 *fill*         0x0000000040210ab1        0x3 
 .text.igmp_timer
                0x0000000040210ab4       0x21 ../lib/liblwip.a(timers.o)
                                         0x2d (size before relaxing)
 *fill*         0x0000000040210ad5        0x3 
 .text.dhcp_timer_fine
                0x0000000040210ad8       0x21 ../lib/liblwip.a(timers.o)
                                         0x2d (size before relaxing)
 *fill*         0x0000000040210af9        0x3 
 .text.dhcp_timer_coarse
                0x0000000040210afc       0x27 ../lib/liblwip.a(timers.o)
                                         0x3b (size before relaxing)
 *fill*         0x0000000040210b23        0x1 
 .text.tcp_accept_null
                0x0000000040210b24        0x4 ../lib/liblwip.a(tcp.o)
 *fill*         0x0000000040210b28        0x0 
 *fill*         0x0000000040210b28        0x0 
 *fill*         0x0000000040210b28        0x0 
 *fill*         0x0000000040210b28        0x0 
 *fill*         0x0000000040210b28        0x0 
 *libnet80211.a:(.literal.* .text.*)
 .text.ieee80211_chan_init
                0x0000000040210b28       0x8b ../lib/libnet80211.a(ieee80211.o)
                                         0x93 (size before relaxing)
 *fill*         0x0000000040210bb3        0x1 
 .text.ieee80211_rate_ref_init
                0x0000000040210bb4       0x16 ../lib/libnet80211.a(ieee80211.o)
                0x0000000040210bb8                ieee80211_rate_ref_init
 *fill*         0x0000000040210bca        0x2 
 .text.ieee80211_freedom_inside_cb
                0x0000000040210bcc       0x2e ../lib/libnet80211.a(ieee80211.o)
                0x0000000040210bd0                ieee80211_freedom_inside_cb
 *fill*         0x0000000040210bfa        0x2 
 .text.ieee80211_freedom_init
                0x0000000040210bfc       0x28 ../lib/libnet80211.a(ieee80211.o)
                                         0x30 (size before relaxing)
                0x0000000040210c00                ieee80211_freedom_init
 .text.ieee80211_user_ie_init
                0x0000000040210c24       0x20 ../lib/libnet80211.a(ieee80211.o)
                0x0000000040210c28                ieee80211_user_ie_init
 .text.ieee80211_ifattach
                0x0000000040210c44       0x67 ../lib/libnet80211.a(ieee80211.o)
                                         0xc3 (size before relaxing)
                0x0000000040210c44                ieee80211_ifattach
 *fill*         0x0000000040210cab        0x1 
 .text.ieee80211_mhz2ieee
                0x0000000040210cac       0x6c ../lib/libnet80211.a(ieee80211.o)
                                         0x74 (size before relaxing)
                0x0000000040210cbc                ieee80211_mhz2ieee
 .text.ieee80211_chan2ieee
                0x0000000040210d18       0x19 ../lib/libnet80211.a(ieee80211.o)
                0x0000000040210d1c                ieee80211_chan2ieee
 *fill*         0x0000000040210d31        0x3 
 .text.wifi_mode_set
                0x0000000040210d34      0x209 ../lib/libnet80211.a(ieee80211.o)
                                        0x25d (size before relaxing)
                0x0000000040210d68                wifi_mode_set
 *fill*         0x0000000040210f3d        0x3 
 .text.ieee80211_crypto_encap
                0x0000000040210f40       0x58 ../lib/libnet80211.a(ieee80211_crypto.o)
                                         0x5c (size before relaxing)
                0x0000000040210f40                ieee80211_crypto_encap
 .text.ieee80211_crypto_decap
                0x0000000040210f98       0x6b ../lib/libnet80211.a(ieee80211_crypto.o)
                                         0x6f (size before relaxing)
                0x0000000040210f98                ieee80211_crypto_decap
 *fill*         0x0000000040211003        0x1 
 .text.ieee80211_getmgtframe
                0x0000000040211004       0x4c ../lib/libnet80211.a(ieee80211_ets.o)
                                         0x50 (size before relaxing)
                0x0000000040211008                ieee80211_getmgtframe
 .text.ieee80211_hostap_send_beacon
                0x0000000040211050      0x34d ../lib/libnet80211.a(ieee80211_hostap.o)
                                        0x3cd (size before relaxing)
 *fill*         0x000000004021139d        0x3 
 .text.ieee80211_hostapd_beacon_txcb
                0x00000000402113a0      0x102 ../lib/libnet80211.a(ieee80211_hostap.o)
                                        0x166 (size before relaxing)
 *fill*         0x00000000402114a2        0x2 
 .text.ieee80211_hostap_init
                0x00000000402114a4      0x172 ../lib/libnet80211.a(ieee80211_hostap.o)
                                        0x1b2 (size before relaxing)
 *fill*         0x0000000040211616        0x2 
 .text.ieee80211_hostap_deinit
                0x0000000040211618       0xd7 ../lib/libnet80211.a(ieee80211_hostap.o)
                                         0xff (size before relaxing)
 *fill*         0x00000000402116ef        0x1 
 .text.ieee80211_hostap_attach
                0x00000000402116f0       0xc8 ../lib/libnet80211.a(ieee80211_hostap.o)
                                        0x10e (size before relaxing)
                0x00000000402116fc                ieee80211_hostap_attach
 *fill*         0x00000000402117b8        0x0 
 .text.hostap_deliver_data
                0x00000000402117b8       0x3b ../lib/libnet80211.a(ieee80211_hostap.o)
                                         0x3f (size before relaxing)
 *fill*         0x00000000402117f3        0x1 
 .text.hostap_handle_timer
                0x00000000402117f4       0xcf ../lib/libnet80211.a(ieee80211_hostap.o)
                                        0x107 (size before relaxing)
                0x0000000040211808                hostap_handle_timer
 *fill*         0x00000000402118c3        0x1 
 .text.hostap_input
                0x00000000402118c4      0x4bd ../lib/libnet80211.a(ieee80211_hostap.o)
                                        0x569 (size before relaxing)
                0x00000000402118d0                hostap_input
 *fill*         0x0000000040211d81        0x3 
 .text.hostap_auth_open
                0x0000000040211d84       0xd4 ../lib/libnet80211.a(ieee80211_hostap.o)
                                        0x108 (size before relaxing)
 .text.is11bclient
                0x0000000040211e58       0x2e ../lib/libnet80211.a(ieee80211_hostap.o)
 *fill*         0x0000000040211e86        0x2 
 .text.hostap_recv_mgmt
                0x0000000040211e88      0x60b ../lib/libnet80211.a(ieee80211_hostap.o)
                                        0x6a3 (size before relaxing)
 *fill*         0x0000000040212493        0x1 
 .text.hostap_recv_ctl
                0x0000000040212494       0x18 ../lib/libnet80211.a(ieee80211_hostap.o)
                                         0x1f (size before relaxing)
 *fill*         0x00000000402124ac        0x0 
 .text.hostap_recv_pspoll
                0x00000000402124ac       0xca ../lib/libnet80211.a(ieee80211_hostap.o)
                                         0xf5 (size before relaxing)
 *fill*         0x0000000040212576        0x2 
 .text.freqcal_scan_done
                0x0000000040212578       0x14 ../lib/libnet80211.a(ieee80211_hostap.o)
                                         0x18 (size before relaxing)
                0x0000000040212578                freqcal_scan_done
 .text.ApFreqCalTimerCB
                0x000000004021258c      0x432 ../lib/libnet80211.a(ieee80211_hostap.o)
                                        0x536 (size before relaxing)
 *fill*         0x00000000402129be        0x2 
 .text.wifi_softap_start
                0x00000000402129c0      0x18b ../lib/libnet80211.a(ieee80211_hostap.o)
                                        0x21b (size before relaxing)
                0x00000000402129d8                wifi_softap_start
 *fill*         0x0000000040212b4b        0x1 
 .text.wifi_softap_stop
                0x0000000040212b4c      0x1ac ../lib/libnet80211.a(ieee80211_hostap.o)
                                        0x263 (size before relaxing)
                0x0000000040212b5c                wifi_softap_stop
 *fill*         0x0000000040212cf8        0x0 
 .text.ieee80211_ht_attach
                0x0000000040212cf8       0x5a ../lib/libnet80211.a(ieee80211_ht.o)
                                         0x66 (size before relaxing)
                0x0000000040212d08                ieee80211_ht_attach
 *fill*         0x0000000040212d52        0x2 
 .text.ieee80211_ht_node_init
                0x0000000040212d54       0x44 ../lib/libnet80211.a(ieee80211_ht.o)
                                         0x48 (size before relaxing)
                0x0000000040212d58                ieee80211_ht_node_init
 .text.findhtchan
                0x0000000040212d98       0x24 ../lib/libnet80211.a(ieee80211_ht.o)
                                         0x28 (size before relaxing)
 .text.check_11n_rate
                0x0000000040212dbc       0x7f ../lib/libnet80211.a(ieee80211_ht.o)
 *fill*         0x0000000040212e3b        0x1 
 .text.ieee80211_parse_htcap
                0x0000000040212e3c       0x58 ../lib/libnet80211.a(ieee80211_ht.o)
                                         0x60 (size before relaxing)
                0x0000000040212e3c                ieee80211_parse_htcap
 .text.htinfo_update_chw
                0x0000000040212e94       0x6c ../lib/libnet80211.a(ieee80211_ht.o)
                                         0x88 (size before relaxing)
 .text.ieee80211_ht_updateparams
                0x0000000040212f00      0x134 ../lib/libnet80211.a(ieee80211_ht.o)
                                        0x158 (size before relaxing)
                0x0000000040212f20                ieee80211_ht_updateparams
 .text.ieee80211_setup_htrates
                0x0000000040213034       0xd4 ../lib/libnet80211.a(ieee80211_ht.o)
                                         0xdc (size before relaxing)
                0x000000004021303c                ieee80211_setup_htrates
 .text.ieee80211_setup_basic_htrates
                0x0000000040213108       0x80 ../lib/libnet80211.a(ieee80211_ht.o)
                                         0x84 (size before relaxing)
                0x0000000040213108                ieee80211_setup_basic_htrates
 .text.ieee80211_set_mcsset
                0x0000000040213188      0x157 ../lib/libnet80211.a(ieee80211_ht.o)
                                        0x167 (size before relaxing)
 *fill*         0x00000000402132df        0x1 
 .text.ieee80211_add_htcap_body
                0x00000000402132e0      0x16e ../lib/libnet80211.a(ieee80211_ht.o)
                                        0x1a6 (size before relaxing)
 *fill*         0x000000004021344e        0x2 
 .text.ieee80211_add_htcap
                0x0000000040213450       0x1e ../lib/libnet80211.a(ieee80211_ht.o)
                                         0x22 (size before relaxing)
                0x0000000040213450                ieee80211_add_htcap
 *fill*         0x000000004021346e        0x2 
 .text.ieee80211_add_htcap_vendor
                0x0000000040213470       0x34 ../lib/libnet80211.a(ieee80211_ht.o)
                                         0x38 (size before relaxing)
                0x0000000040213470                ieee80211_add_htcap_vendor
 .text.ieee80211_set_basic_htrates
                0x00000000402134a4       0x66 ../lib/libnet80211.a(ieee80211_ht.o)
                                         0x6a (size before relaxing)
 *fill*         0x000000004021350a        0x2 
 .text.ieee80211_add_htinfo_body
                0x000000004021350c       0x8a ../lib/libnet80211.a(ieee80211_ht.o)
                                         0x96 (size before relaxing)
 *fill*         0x0000000040213596        0x2 
 .text.ieee80211_add_htinfo
                0x0000000040213598       0x1e ../lib/libnet80211.a(ieee80211_ht.o)
                                         0x22 (size before relaxing)
                0x0000000040213598                ieee80211_add_htinfo
 *fill*         0x00000000402135b6        0x2 
 .text.ieee80211_add_htinfo_vendor
                0x00000000402135b8       0x34 ../lib/libnet80211.a(ieee80211_ht.o)
                                         0x38 (size before relaxing)
                0x00000000402135b8                ieee80211_add_htinfo_vendor
 .text.ht_recv_action_ba_addba_request
                0x00000000402135ec       0x82 ../lib/libnet80211.a(ieee80211_ht.o)
                                         0x8a (size before relaxing)
 *fill*         0x000000004021366e        0x2 
 .text.ht_send_action_ba_addba
                0x0000000040213670      0x186 ../lib/libnet80211.a(ieee80211_ht.o)
                                        0x19e (size before relaxing)
 *fill*         0x00000000402137f6        0x2 
 .text.ieee80211_deliver_data
                0x00000000402137f8       0x48 ../lib/libnet80211.a(ieee80211_input.o)
                                         0x54 (size before relaxing)
                0x00000000402137f8                ieee80211_deliver_data
 .text.ieee80211_decap
                0x0000000040213840      0x10f ../lib/libnet80211.a(ieee80211_input.o)
                                        0x12f (size before relaxing)
                0x000000004021384c                ieee80211_decap
 *fill*         0x000000004021394f        0x1 
 .text.ieee80211_is_11b_rate
                0x0000000040213950       0x53 ../lib/libnet80211.a(ieee80211_input.o)
 *fill*         0x00000000402139a3        0x1 
 .text.ieee80211_setup_phy_mode
                0x00000000402139a4       0x41 ../lib/libnet80211.a(ieee80211_input.o)
                                         0x49 (size before relaxing)
                0x00000000402139a4                ieee80211_setup_phy_mode
 *fill*         0x00000000402139e5        0x3 
 .text.check_max_11bg_rate
                0x00000000402139e8       0x2f ../lib/libnet80211.a(ieee80211_input.o)
                0x00000000402139ec                check_max_11bg_rate
 *fill*         0x0000000040213a17        0x1 
 .text.set_rate_limit
                0x0000000040213a18      0x155 ../lib/libnet80211.a(ieee80211_input.o)
                                        0x181 (size before relaxing)
                0x0000000040213a24                set_rate_limit
 *fill*         0x0000000040213b6d        0x3 
 .text.clean_rate_set
                0x0000000040213b70       0x10 ../lib/libnet80211.a(ieee80211_input.o)
                                         0x18 (size before relaxing)
                0x0000000040213b70                clean_rate_set
 .text.ieee80211_setup_rates
                0x0000000040213b80       0x7b ../lib/libnet80211.a(ieee80211_input.o)
                                         0x97 (size before relaxing)
                0x0000000040213b80                ieee80211_setup_rates
 *fill*         0x0000000040213bfb        0x1 
 .text.ieee80211_alloc_challenge
                0x0000000040213bfc       0x32 ../lib/libnet80211.a(ieee80211_input.o)
                                         0x36 (size before relaxing)
                0x0000000040213c00                ieee80211_alloc_challenge
 *fill*         0x0000000040213c2e        0x2 
 .text.ieee80211_parse_beacon
                0x0000000040213c30      0x4de ../lib/libnet80211.a(ieee80211_input.o)
                                        0x4fe (size before relaxing)
                0x0000000040213c4c                ieee80211_parse_beacon
 *fill*         0x000000004021410e        0x2 
 .text.wpa_cipher
                0x0000000040214110       0x6a ../lib/libnet80211.a(ieee80211_input.o)
                                         0x76 (size before relaxing)
 *fill*         0x000000004021417a        0x2 
 .text.wpa_keymgmt
                0x000000004021417c       0x3c ../lib/libnet80211.a(ieee80211_input.o)
                                         0x48 (size before relaxing)
 .text.rsn_cipher
                0x00000000402141b8       0x84 ../lib/libnet80211.a(ieee80211_input.o)
 .text.rsn_keymgmt
                0x000000004021423c       0x3c ../lib/libnet80211.a(ieee80211_input.o)
                                         0x48 (size before relaxing)
 .text.ieee80211_parse_wpa
                0x0000000040214278      0x11e ../lib/libnet80211.a(ieee80211_input.o)
                                        0x132 (size before relaxing)
                0x000000004021427c                ieee80211_parse_wpa
 *fill*         0x0000000040214396        0x2 
 .text.ieee80211_parse_rsn
                0x0000000040214398      0x108 ../lib/libnet80211.a(ieee80211_input.o)
                                        0x11c (size before relaxing)
                0x0000000040214398                ieee80211_parse_rsn
 .text.ieee80211_parse_action
                0x00000000402144a0       0x9f ../lib/libnet80211.a(ieee80211_input.o)
                                         0xa3 (size before relaxing)
                0x00000000402144a4                ieee80211_parse_action
 *fill*         0x000000004021453f        0x1 
 .text.ieee80211_mesh_quick_get
                0x0000000040214540       0xd0 ../lib/libnet80211.a(ieee80211_mesh_quick.o)
                                         0xe4 (size before relaxing)
                0x0000000040214544                ieee80211_mesh_quick_get
 .text.ieee80211_mesh_quick_ie_add
                0x0000000040214610       0x32 ../lib/libnet80211.a(ieee80211_mesh_quick.o)
                                         0x3a (size before relaxing)
                0x0000000040214610                ieee80211_mesh_quick_ie_add
 *fill*         0x0000000040214642        0x2 
 .text.ieee80211_output_pbuf
                0x0000000040214644      0x295 ../lib/libnet80211.a(ieee80211_output.o)
                                        0x2e9 (size before relaxing)
                0x0000000040214660                ieee80211_output_pbuf
 *fill*         0x00000000402148d9        0x3 
 .text.ieee80211_send_setup
                0x00000000402148dc      0x131 ../lib/libnet80211.a(ieee80211_output.o)
                                        0x159 (size before relaxing)
                0x00000000402148dc                ieee80211_send_setup
 *fill*         0x0000000040214a0d        0x3 
 .text.ieee80211_mgmt_output
                0x0000000040214a10       0xeb ../lib/libnet80211.a(ieee80211_output.o)
                                        0x11f (size before relaxing)
                0x0000000040214a10                ieee80211_mgmt_output
 *fill*         0x0000000040214afb        0x1 
 .text.ieee80211_send_nulldata
                0x0000000040214afc      0x147 ../lib/libnet80211.a(ieee80211_output.o)
                                        0x173 (size before relaxing)
                0x0000000040214b00                ieee80211_send_nulldata
 *fill*         0x0000000040214c43        0x1 
 .text.ieee80211_encap_esfbuf
                0x0000000040214c44      0x2b8 ../lib/libnet80211.a(ieee80211_output.o)
                                        0x2e4 (size before relaxing)
 .text.ieee80211_classify_pbuf
                0x0000000040214efc       0x75 ../lib/libnet80211.a(ieee80211_output.o)
                                         0x79 (size before relaxing)
 *fill*         0x0000000040214f71        0x3 
 .text.ieee80211_add_rates
                0x0000000040214f74       0x4e ../lib/libnet80211.a(ieee80211_output.o)
                                         0x56 (size before relaxing)
                0x0000000040214f74                ieee80211_add_rates
 *fill*         0x0000000040214fc2        0x2 
 .text.ieee80211_add_xrates
                0x0000000040214fc4       0x45 ../lib/libnet80211.a(ieee80211_output.o)
                                         0x4d (size before relaxing)
                0x0000000040214fc4                ieee80211_add_xrates
 *fill*         0x0000000040215009        0x3 
 .text.ieee80211_add_ssid
                0x000000004021500c       0x2e ../lib/libnet80211.a(ieee80211_output.o)
                                         0x32 (size before relaxing)
 *fill*         0x000000004021503a        0x2 
 .text.add_appie
                0x000000004021503c       0x28 ../lib/libnet80211.a(ieee80211_output.o)
                                         0x2c (size before relaxing)
 .text.ieee80211_add_wme_info
                0x0000000040215064       0x23 ../lib/libnet80211.a(ieee80211_output.o)
                                         0x27 (size before relaxing)
 *fill*         0x0000000040215087        0x1 
 .text.ieee80211_add_csa
                0x0000000040215088       0x22 ../lib/libnet80211.a(ieee80211_output.o)
                                         0x26 (size before relaxing)
 *fill*         0x00000000402150aa        0x2 
 .text.ieee80211_send_probereq
                0x00000000402150ac      0x274 ../lib/libnet80211.a(ieee80211_output.o)
                                        0x2e8 (size before relaxing)
                0x00000000402150b4                ieee80211_send_probereq
 .text.ieee80211_getcapinfo
                0x0000000040215320       0x4e ../lib/libnet80211.a(ieee80211_output.o)
                                         0x52 (size before relaxing)
                0x0000000040215320                ieee80211_getcapinfo
 *fill*         0x000000004021536e        0x2 
 .text.ieee80211_send_mgmt
                0x0000000040215370      0x5a0 ../lib/libnet80211.a(ieee80211_output.o)
                                        0x66c (size before relaxing)
                0x000000004021537c                ieee80211_send_mgmt
 .text.ieee80211_alloc_proberesp
                0x0000000040215910      0x265 ../lib/libnet80211.a(ieee80211_output.o)
                                        0x2ed (size before relaxing)
                0x000000004021591c                ieee80211_alloc_proberesp
 *fill*         0x0000000040215b75        0x3 
 .text.ieee80211_send_proberesp
                0x0000000040215b78      0x152 ../lib/libnet80211.a(ieee80211_output.o)
                                        0x192 (size before relaxing)
                0x0000000040215b7c                ieee80211_send_proberesp
 *fill*         0x0000000040215cca        0x2 
 .text.ieee80211_alloc_deauth
                0x0000000040215ccc       0x3e ../lib/libnet80211.a(ieee80211_output.o)
                                         0x42 (size before relaxing)
                0x0000000040215ccc                ieee80211_alloc_deauth
 *fill*         0x0000000040215d0a        0x2 
 .text.ieee80211_send_deauth
                0x0000000040215d0c      0x13b ../lib/libnet80211.a(ieee80211_output.o)
                                        0x17b (size before relaxing)
                0x0000000040215d0c                ieee80211_send_deauth
 *fill*         0x0000000040215e47        0x1 
 .text.ieee80211_freedom_output
                0x0000000040215e48      0x1ea ../lib/libnet80211.a(ieee80211_output.o)
                                        0x222 (size before relaxing)
                0x0000000040215e4c                ieee80211_freedom_output
 *fill*         0x0000000040216032        0x2 
 .text.ieee80211_beacon_construct
                0x0000000040216034      0x24d ../lib/libnet80211.a(ieee80211_output.o)
                                        0x2e1 (size before relaxing)
 *fill*         0x0000000040216281        0x3 
 .text.ieee80211_beacon_alloc
                0x0000000040216284      0x1de ../lib/libnet80211.a(ieee80211_output.o)
                                        0x22a (size before relaxing)
                0x0000000040216288                ieee80211_beacon_alloc
 *fill*         0x0000000040216462        0x2 
 .text.ieee80211_phy_init
                0x0000000040216464       0x34 ../lib/libnet80211.a(ieee80211_phy.o)
                                         0x3c (size before relaxing)
                0x0000000040216464                ieee80211_phy_init
 .text.ieee80211_setup_ratetable
                0x0000000040216498       0x9c ../lib/libnet80211.a(ieee80211_phy.o)
                                         0xbc (size before relaxing)
                0x00000000402164a4                ieee80211_setup_ratetable
 .text.ieee80211_psq_init
                0x0000000040216534       0x20 ../lib/libnet80211.a(ieee80211_power.o)
                                         0x24 (size before relaxing)
                0x0000000040216534                ieee80211_psq_init
 .text.ieee80211_set_tim
                0x0000000040216554       0x41 ../lib/libnet80211.a(ieee80211_power.o)
                0x0000000040216558                ieee80211_set_tim
 *fill*         0x0000000040216595        0x3 
 .text.ieee80211_pwrsave
                0x0000000040216598       0x68 ../lib/libnet80211.a(ieee80211_power.o)
                                         0x78 (size before relaxing)
                0x0000000040216598                ieee80211_pwrsave
 .text.pwrsave_flushq
                0x0000000040216600       0xaf ../lib/libnet80211.a(ieee80211_power.o)
                                         0xdb (size before relaxing)
                0x0000000040216600                pwrsave_flushq
 *fill*         0x00000000402166af        0x1 
 .text.ieee80211_node_pwrsave
                0x00000000402166b0       0x38 ../lib/libnet80211.a(ieee80211_power.o)
                                         0x44 (size before relaxing)
                0x00000000402166b0                ieee80211_node_pwrsave
 .text.ieee80211_proto_attach
                0x00000000402166e8       0x2b ../lib/libnet80211.a(ieee80211_proto.o)
                                         0x33 (size before relaxing)
                0x00000000402166ec                ieee80211_proto_attach
 *fill*         0x0000000040216713        0x1 
 .text.ieee80211_mlme_connect_bss
                0x0000000040216714       0x9d ../lib/libnet80211.a(ieee80211_proto.o)
                                         0xcd (size before relaxing)
                0x0000000040216718                ieee80211_mlme_connect_bss
 *fill*         0x00000000402167b1        0x3 
 .text.ieee80211_regdomain_update
                0x00000000402167b4       0xc7 ../lib/libnet80211.a(ieee80211_regdomain.o)
                                         0xdb (size before relaxing)
                0x00000000402167b8                ieee80211_regdomain_update
 *fill*         0x000000004021687b        0x1 
 .text.ieee80211_regdomain_get_country
                0x000000004021687c       0x2e ../lib/libnet80211.a(ieee80211_regdomain.o)
                                         0x32 (size before relaxing)
                0x0000000040216880                ieee80211_regdomain_get_country
 *fill*         0x00000000402168aa        0x2 
 .text.ieee80211_add_countryie
                0x00000000402168ac       0x45 ../lib/libnet80211.a(ieee80211_regdomain.o)
                                         0x49 (size before relaxing)
                0x00000000402168ac                ieee80211_add_countryie
 *fill*         0x00000000402168f1        0x3 
 .text.ieee80211_regdomain_max_chan
                0x00000000402168f4       0x1f ../lib/libnet80211.a(ieee80211_regdomain.o)
                                         0x23 (size before relaxing)
                0x00000000402168f4                ieee80211_regdomain_max_chan
 *fill*         0x0000000040216913        0x1 
 .text.ieee80211_regdomain_min_chan
                0x0000000040216914       0x15 ../lib/libnet80211.a(ieee80211_regdomain.o)
                                         0x19 (size before relaxing)
                0x0000000040216914                ieee80211_regdomain_min_chan
 *fill*         0x0000000040216929        0x3 
 .text.ieee80211_regdomain_chan_in_range
                0x000000004021692c       0x27 ../lib/libnet80211.a(ieee80211_regdomain.o)
                                         0x33 (size before relaxing)
                0x000000004021692c                ieee80211_regdomain_chan_in_range
 *fill*         0x0000000040216953        0x1 
 .text.ieee80211_regdomain_is_active_scan
                0x0000000040216954       0x4b ../lib/libnet80211.a(ieee80211_regdomain.o)
                                         0x5f (size before relaxing)
                0x0000000040216954                ieee80211_regdomain_is_active_scan
 *fill*         0x000000004021699f        0x1 
 .text.ieee80211_rfid_locp_recv_open
                0x00000000402169a0       0x39 ../lib/libnet80211.a(ieee80211_rfid.o)
                                         0x41 (size before relaxing)
                0x00000000402169a4                ieee80211_rfid_locp_recv_open
 *fill*         0x00000000402169d9        0x3 
 .text.ieee80211_rfid_locp_recv_close
                0x00000000402169dc       0x1b ../lib/libnet80211.a(ieee80211_rfid.o)
                                         0x1f (size before relaxing)
                0x00000000402169e0                ieee80211_rfid_locp_recv_close
 *fill*         0x00000000402169f7        0x1 
 .text.ieee80211_rfid_locp_recv_reset
                0x00000000402169f8       0x1f ../lib/libnet80211.a(ieee80211_rfid.o)
                                         0x2b (size before relaxing)
                0x00000000402169f8                ieee80211_rfid_locp_recv_reset
 *fill*         0x0000000040216a17        0x1 
 .text.ieee80211_rfid_locp_recv
                0x0000000040216a18       0x1d ../lib/libnet80211.a(ieee80211_rfid.o)
                                         0x21 (size before relaxing)
                0x0000000040216a18                ieee80211_rfid_locp_recv
 *fill*         0x0000000040216a35        0x3 
 .text.register_ieee80211_rfid_locp_recv_cb
                0x0000000040216a38       0x13 ../lib/libnet80211.a(ieee80211_rfid.o)
                                         0x17 (size before relaxing)
                0x0000000040216a38                register_ieee80211_rfid_locp_recv_cb
 *fill*         0x0000000040216a4b        0x1 
 .text.unregister_ieee80211_rfid_locp_recv_cb
                0x0000000040216a4c        0xa ../lib/libnet80211.a(ieee80211_rfid.o)
                                          0xe (size before relaxing)
                0x0000000040216a4c                unregister_ieee80211_rfid_locp_recv_cb
 *fill*         0x0000000040216a56        0x2 
 .text.ieee80211_scan_attach
                0x0000000040216a58       0x62 ../lib/libnet80211.a(ieee80211_scan.o)
                                         0x6a (size before relaxing)
                0x0000000040216a68                ieee80211_scan_attach
 *fill*         0x0000000040216aba        0x2 
 .text.slp_wk_cpu_scan_wait_timout
                0x0000000040216abc       0x21 ../lib/libnet80211.a(ieee80211_scan.o)
                                         0x29 (size before relaxing)
 *fill*         0x0000000040216add        0x3 
 .text.freq_changle_scan_start
                0x0000000040216ae0      0x130 ../lib/libnet80211.a(ieee80211_scan.o)
                                        0x178 (size before relaxing)
                0x0000000040216af0                freq_changle_scan_start
 .text.scan_start
                0x0000000040216c10      0x132 ../lib/libnet80211.a(ieee80211_scan.o)
                                        0x1ae (size before relaxing)
                0x0000000040216c20                scan_start
 *fill*         0x0000000040216d42        0x2 
 .text.scan_next_channel
                0x0000000040216d44       0x20 ../lib/libnet80211.a(ieee80211_scan.o)
                                         0x33 (size before relaxing)
 *fill*         0x0000000040216d64        0x0 
 .text.scan_perform
                0x0000000040216d64       0x5e ../lib/libnet80211.a(ieee80211_scan.o)
                                         0x6a (size before relaxing)
 *fill*         0x0000000040216dc2        0x2 
 .text.scan_op_start
                0x0000000040216dc4       0x42 ../lib/libnet80211.a(ieee80211_scan.o)
                                         0x56 (size before relaxing)
 *fill*         0x0000000040216e06        0x2 
 .text.scan_op_end
                0x0000000040216e08       0xd7 ../lib/libnet80211.a(ieee80211_scan.o)
                                        0x10e (size before relaxing)
 *fill*         0x0000000040216edf        0x1 
 .text.scan_cancel
                0x0000000040216ee0       0x32 ../lib/libnet80211.a(ieee80211_scan.o)
                                         0x4a (size before relaxing)
                0x0000000040216ee0                scan_cancel
 *fill*         0x0000000040216f12        0x2 
 .text.scan_done
                0x0000000040216f14      0x1ad ../lib/libnet80211.a(ieee80211_scan.o)
                                        0x251 (size before relaxing)
 *fill*         0x00000000402170c1        0x3 
 .text.scan_add_bssid
                0x00000000402170c4       0x25 ../lib/libnet80211.a(ieee80211_scan.o)
                                         0x2d (size before relaxing)
                0x00000000402170c8                scan_add_bssid
 *fill*         0x00000000402170e9        0x3 
 .text.scan_remove_bssid
                0x00000000402170ec        0xa ../lib/libnet80211.a(ieee80211_scan.o)
                                          0xe (size before relaxing)
                0x00000000402170ec                scan_remove_bssid
 *fill*         0x00000000402170f6        0x2 
 .text.scan_hidden_ssid
                0x00000000402170f8        0x8 ../lib/libnet80211.a(ieee80211_scan.o)
                                          0xc (size before relaxing)
                0x00000000402170f8                scan_hidden_ssid
 .text.scan_set_act_duration
                0x0000000040217100        0x9 ../lib/libnet80211.a(ieee80211_scan.o)
                                          0xd (size before relaxing)
                0x0000000040217100                scan_set_act_duration
 *fill*         0x0000000040217109        0x3 
 .text.scan_set_pas_duration
                0x000000004021710c        0x7 ../lib/libnet80211.a(ieee80211_scan.o)
                                          0xb (size before relaxing)
                0x000000004021710c                scan_set_pas_duration
 *fill*         0x0000000040217113        0x1 
 .text.scan_add_probe_ssid
                0x0000000040217114       0x53 ../lib/libnet80211.a(ieee80211_scan.o)
                                         0x63 (size before relaxing)
                0x0000000040217114                scan_add_probe_ssid
 *fill*         0x0000000040217167        0x1 
 .text.scan_remove_probe_ssid
                0x0000000040217168       0x18 ../lib/libnet80211.a(ieee80211_scan.o)
                                         0x1c (size before relaxing)
                0x0000000040217168                scan_remove_probe_ssid
 .text.scan_send_probe
                0x0000000040217180       0x8d ../lib/libnet80211.a(ieee80211_scan.o)
                                         0xa1 (size before relaxing)
 *fill*         0x000000004021720d        0x3 
 .text.scan_get_next_channel
                0x0000000040217210       0xab ../lib/libnet80211.a(ieee80211_scan.o)
                                         0xbb (size before relaxing)
 *fill*         0x00000000402172bb        0x1 
 .text.scan_enter_oper_channel
                0x00000000402172bc       0x12 ../lib/libnet80211.a(ieee80211_scan.o)
                                         0x16 (size before relaxing)
 *fill*         0x00000000402172ce        0x2 
 .text.scan_inter_channel_timeout
                0x00000000402172d0       0x3f ../lib/libnet80211.a(ieee80211_scan.o)
                                         0x52 (size before relaxing)
 *fill*         0x000000004021730f        0x1 
 .text.scan_set_desChan
                0x0000000040217310        0xa ../lib/libnet80211.a(ieee80211_scan.o)
                                          0xe (size before relaxing)
                0x0000000040217310                scan_set_desChan
 *fill*         0x000000004021731a        0x2 
 .text.scan_get_type
                0x000000004021731c        0x7 ../lib/libnet80211.a(ieee80211_scan.o)
                                          0xb (size before relaxing)
                0x000000004021731c                scan_get_type
 *fill*         0x0000000040217323        0x1 
 .text.scan_connect_state
                0x0000000040217324       0x49 ../lib/libnet80211.a(ieee80211_scan.o)
                                         0x65 (size before relaxing)
                0x0000000040217328                scan_connect_state
 *fill*         0x000000004021736d        0x3 
 .text.scan_profile_check
                0x0000000040217370      0x1d3 ../lib/libnet80211.a(ieee80211_scan.o)
                                        0x223 (size before relaxing)
                0x000000004021738c                scan_profile_check
 *fill*         0x0000000040217543        0x1 
 .text.clear_bss_queue
                0x0000000040217544       0x5a ../lib/libnet80211.a(ieee80211_scan.o)
                                         0x6e (size before relaxing)
 *fill*         0x000000004021759e        0x2 
 .text.check_bss_queue
                0x00000000402175a0       0x38 ../lib/libnet80211.a(ieee80211_scan.o)
                                         0x40 (size before relaxing)
 .text.scan_add_ssid
                0x00000000402175d8      0x1d9 ../lib/libnet80211.a(ieee80211_scan.o)
                                        0x231 (size before relaxing)
 *fill*         0x00000000402177b1        0x3 
 .text.scan_parse_beacon
                0x00000000402177b4      0x3ac ../lib/libnet80211.a(ieee80211_scan.o)
                                        0x4b8 (size before relaxing)
                0x00000000402177c0                scan_parse_beacon
 .text.save_rssi
                0x0000000040217b60       0x1c ../lib/libnet80211.a(ieee80211_sta.o)
 .text.max_rssi
                0x0000000040217b7c       0x17 ../lib/libnet80211.a(ieee80211_sta.o)
 *fill*         0x0000000040217b93        0x1 
 .text.sta_authretry
                0x0000000040217b94       0x25 ../lib/libnet80211.a(ieee80211_sta.o)
                                         0x29 (size before relaxing)
 *fill*         0x0000000040217bb9        0x3 
 .text.sta_status_set
                0x0000000040217bbc       0x5c ../lib/libnet80211.a(ieee80211_sta.o)
                                         0x60 (size before relaxing)
                0x0000000040217bbc                sta_status_set
 .text.ieee80211_sta_new_state
                0x0000000040217c18      0x396 ../lib/libnet80211.a(ieee80211_sta.o)
                                        0x485 (size before relaxing)
                0x0000000040217c28                ieee80211_sta_new_state
 *fill*         0x0000000040217fae        0x2 
 .text.sta_input
                0x0000000040217fb0      0x38c ../lib/libnet80211.a(ieee80211_sta.o)
                                        0x3dc (size before relaxing)
                0x0000000040217fb4                sta_input
 .text.sta_auth_open
                0x000000004021833c       0xe1 ../lib/libnet80211.a(ieee80211_sta.o)
                                        0x135 (size before relaxing)
 *fill*         0x000000004021841d        0x3 
 .text.sta_auth_shared
                0x0000000040218420       0xf9 ../lib/libnet80211.a(ieee80211_sta.o)
                                        0x129 (size before relaxing)
 *fill*         0x0000000040218519        0x3 
 .text.sta_rx_csa
                0x000000004021851c       0x9c ../lib/libnet80211.a(ieee80211_sta.o)
                                         0xb0 (size before relaxing)
 .text.sta_recv_mgmt
                0x00000000402185b8      0x2ae ../lib/libnet80211.a(ieee80211_sta.o)
                                        0x32e (size before relaxing)
 *fill*         0x0000000040218866        0x2 
 .text.sta_recv_assoc
                0x0000000040218868      0x302 ../lib/libnet80211.a(ieee80211_sta.o)
                                        0x386 (size before relaxing)
 *fill*         0x0000000040218b6a        0x2 
 .text.wifi_station_start
                0x0000000040218b6c       0x74 ../lib/libnet80211.a(ieee80211_sta.o)
                                         0x98 (size before relaxing)
                0x0000000040218b70                wifi_station_start
 .text.wifi_station_stop
                0x0000000040218be0       0x45 ../lib/libnet80211.a(ieee80211_sta.o)
                                         0x55 (size before relaxing)
                0x0000000040218be4                wifi_station_stop
 *fill*         0x0000000040218c25        0x3 
 .text.chm_init
                0x0000000040218c28       0x91 ../lib/libnet80211.a(wl_chm.o)
                                         0xad (size before relaxing)
                0x0000000040218c38                chm_init
 *fill*         0x0000000040218cb9        0x3 
 .text.chm_acquire_lock
                0x0000000040218cbc       0x46 ../lib/libnet80211.a(wl_chm.o)
                                         0x52 (size before relaxing)
                0x0000000040218cbc                chm_acquire_lock
 *fill*         0x0000000040218d02        0x2 
 .text.chm_release_lock
                0x0000000040218d04       0x11 ../lib/libnet80211.a(wl_chm.o)
                                         0x15 (size before relaxing)
                0x0000000040218d04                chm_release_lock
 *fill*         0x0000000040218d15        0x3 
 .text.chm_start_op
                0x0000000040218d18       0x3f ../lib/libnet80211.a(wl_chm.o)
                                         0x4f (size before relaxing)
                0x0000000040218d18                chm_start_op
 *fill*         0x0000000040218d57        0x1 
 .text.chm_change_channel
                0x0000000040218d58       0x92 ../lib/libnet80211.a(wl_chm.o)
                                         0xba (size before relaxing)
 *fill*         0x0000000040218dea        0x2 
 .text.chm_end_op
                0x0000000040218dec       0x34 ../lib/libnet80211.a(wl_chm.o)
                                         0x40 (size before relaxing)
                0x0000000040218dec                chm_end_op
 .text.chm_end_op_timeout
                0x0000000040218e20       0x14 ../lib/libnet80211.a(wl_chm.o)
                                         0x18 (size before relaxing)
 .text.chm_cancel_op
                0x0000000040218e34       0x3d ../lib/libnet80211.a(wl_chm.o)
                                         0x55 (size before relaxing)
                0x0000000040218e34                chm_cancel_op
 *fill*         0x0000000040218e71        0x3 
 .text.chm_return_home_channel
                0x0000000040218e74       0x2d ../lib/libnet80211.a(wl_chm.o)
                                         0x39 (size before relaxing)
                0x0000000040218e74                chm_return_home_channel
 *fill*         0x0000000040218ea1        0x3 
 .text.chm_set_current_channel
                0x0000000040218ea4       0x35 ../lib/libnet80211.a(wl_chm.o)
                                         0x41 (size before relaxing)
                0x0000000040218ea8                chm_set_current_channel
 *fill*         0x0000000040218ed9        0x3 
 .text.chm_check_same_channel
                0x0000000040218edc       0x2e ../lib/libnet80211.a(wl_chm.o)
                                         0x42 (size before relaxing)
                0x0000000040218edc                chm_check_same_channel
 *fill*         0x0000000040218f0a        0x2 
 .text.cnx_attach
                0x0000000040218f0c       0x49 ../lib/libnet80211.a(wl_cnx.o)
                                         0x55 (size before relaxing)
                0x0000000040218f18                cnx_attach
 *fill*         0x0000000040218f55        0x3 
 .text.cnx_sta_connect_led_timer_cb
                0x0000000040218f58       0x49 ../lib/libnet80211.a(wl_cnx.o)
                                         0x59 (size before relaxing)
                0x0000000040218f58                cnx_sta_connect_led_timer_cb
 *fill*         0x0000000040218fa1        0x3 
 .text.cnx_sta_connect_cmd
                0x0000000040218fa4       0xc7 ../lib/libnet80211.a(wl_cnx.o)
                                        0x10f (size before relaxing)
                0x0000000040218fb0                cnx_sta_connect_cmd
 *fill*         0x000000004021906b        0x1 
 .text.cnx_sta_scan_cmd
                0x000000004021906c      0x13a ../lib/libnet80211.a(wl_cnx.o)
                                        0x1b5 (size before relaxing)
                0x0000000040219070                cnx_sta_scan_cmd
 *fill*         0x00000000402191a6        0x2 
 .text.cnx_start_connect
                0x00000000402191a8       0x73 ../lib/libnet80211.a(wl_cnx.o)
                                         0x8b (size before relaxing)
 *fill*         0x000000004021921b        0x1 
 .text.cnx_traverse_rc_list
                0x000000004021921c       0x46 ../lib/libnet80211.a(wl_cnx.o)
                                         0x60 (size before relaxing)
 *fill*         0x0000000040219262        0x2 
 .text.cnx_probe_rc
                0x0000000040219264       0x5f ../lib/libnet80211.a(wl_cnx.o)
                                         0x77 (size before relaxing)
 *fill*         0x00000000402192c3        0x1 
 .text.cnx_probe_rc_tx_cb
                0x00000000402192c4       0x4c ../lib/libnet80211.a(wl_cnx.o)
                                         0x73 (size before relaxing)
 *fill*         0x0000000040219310        0x0 
 .text.cnx_traverse_rc_lis_done
                0x0000000040219310       0x34 ../lib/libnet80211.a(wl_cnx.o)
                                         0x40 (size before relaxing)
 .text.cnx_connect_timeout
                0x0000000040219344       0x8b ../lib/libnet80211.a(wl_cnx.o)
                                         0xb6 (size before relaxing)
                0x0000000040219350                cnx_connect_timeout
 *fill*         0x00000000402193cf        0x1 
 .text.cnx_auth_timeout
                0x00000000402193d0       0x20 ../lib/libnet80211.a(wl_cnx.o)
                                         0x38 (size before relaxing)
                0x00000000402193d0                cnx_auth_timeout
 .text.cnx_assoc_timeout
                0x00000000402193f0       0x20 ../lib/libnet80211.a(wl_cnx.o)
                                         0x38 (size before relaxing)
                0x00000000402193f0                cnx_assoc_timeout
 .text.cnx_handshake_timeout
                0x0000000040219410       0x3f ../lib/libnet80211.a(wl_cnx.o)
                                         0x5f (size before relaxing)
                0x0000000040219410                cnx_handshake_timeout
 *fill*         0x000000004021944f        0x1 
 .text.cnx_start_handoff_cb
                0x0000000040219450       0x11 ../lib/libnet80211.a(wl_cnx.o)
                                         0x18 (size before relaxing)
                0x0000000040219450                cnx_start_handoff_cb
 *fill*         0x0000000040219461        0x3 
 .text.cnx_do_handoff
                0x0000000040219464      0x183 ../lib/libnet80211.a(wl_cnx.o)
                                        0x213 (size before relaxing)
 *fill*         0x00000000402195e7        0x1 
 .text.cnx_csa_fn
                0x00000000402195e8       0xa1 ../lib/libnet80211.a(wl_cnx.o)
                                         0xd5 (size before relaxing)
                0x00000000402195ec                cnx_csa_fn
 *fill*         0x0000000040219689        0x3 
 .text.cnx_connect_to_bss
                0x000000004021968c      0x160 ../lib/libnet80211.a(wl_cnx.o)
                                        0x1d8 (size before relaxing)
 .text.cnx_connect_op
                0x00000000402197ec      0x153 ../lib/libnet80211.a(wl_cnx.o)
                                        0x1ce (size before relaxing)
 *fill*         0x000000004021993f        0x1 
 .text.cnx_choose_rc
                0x0000000040219940       0x7c ../lib/libnet80211.a(wl_cnx.o)
                                         0x98 (size before relaxing)
 .text.cnx_cal_rc_util
                0x00000000402199bc       0x52 ../lib/libnet80211.a(wl_cnx.o)
                                         0x56 (size before relaxing)
 *fill*         0x0000000040219a0e        0x2 
 .text.cnx_bss_alloc
                0x0000000040219a10       0xca ../lib/libnet80211.a(wl_cnx.o)
                                         0xd6 (size before relaxing)
                0x0000000040219a14                cnx_bss_alloc
 *fill*         0x0000000040219ada        0x2 
 .text.cnx_rc_search
                0x0000000040219adc       0x53 ../lib/libnet80211.a(wl_cnx.o)
                                         0x63 (size before relaxing)
                0x0000000040219adc                cnx_rc_search
 *fill*         0x0000000040219b2f        0x1 
 .text.cnx_get_next_rc
                0x0000000040219b30       0x2c ../lib/libnet80211.a(wl_cnx.o)
                                         0x34 (size before relaxing)
 .text.cnx_add_rc
                0x0000000040219b5c       0x69 ../lib/libnet80211.a(wl_cnx.o)
                                         0x71 (size before relaxing)
                0x0000000040219b5c                cnx_add_rc
 *fill*         0x0000000040219bc5        0x3 
 .text.cnx_remove_all_rc
                0x0000000040219bc8       0x4b ../lib/libnet80211.a(wl_cnx.o)
                                         0x57 (size before relaxing)
                0x0000000040219bc8                cnx_remove_all_rc
 *fill*         0x0000000040219c13        0x1 
 .text.cnx_remove_rc
                0x0000000040219c14       0x72 ../lib/libnet80211.a(wl_cnx.o)
                                         0x7e (size before relaxing)
                0x0000000040219c14                cnx_remove_rc
 *fill*         0x0000000040219c86        0x2 
 .text.cnx_remove_rc_except
                0x0000000040219c88       0x5c ../lib/libnet80211.a(wl_cnx.o)
                                         0x68 (size before relaxing)
 .text.cnx_rc_update_rssi
                0x0000000040219ce4       0x8b ../lib/libnet80211.a(wl_cnx.o)
                                         0x96 (size before relaxing)
                0x0000000040219ce4                cnx_rc_update_rssi
 *fill*         0x0000000040219d6f        0x1 
 .text.cnx_rc_update_state_metric
                0x0000000040219d70       0x6e ../lib/libnet80211.a(wl_cnx.o)
                                         0x7d (size before relaxing)
                0x0000000040219d70                cnx_rc_update_state_metric
 *fill*         0x0000000040219dde        0x2 
 .text.cnx_rc_update_age
                0x0000000040219de0       0x26 ../lib/libnet80211.a(wl_cnx.o)
                                         0x2a (size before relaxing)
                0x0000000040219de0                cnx_rc_update_age
 *fill*         0x0000000040219e06        0x2 
 .text.cnx_update_bss
                0x0000000040219e08       0x30 ../lib/libnet80211.a(wl_cnx.o)
                                         0x38 (size before relaxing)
                0x0000000040219e08                cnx_update_bss
 .text.ieee80211_is_11b_rate
                0x0000000040219e38       0x55 ../lib/libnet80211.a(wl_cnx.o)
 *fill*         0x0000000040219e8d        0x3 
 .text.cnx_update_bss_more
                0x0000000040219e90      0x227 ../lib/libnet80211.a(wl_cnx.o)
                                        0x2d3 (size before relaxing)
                0x0000000040219e94                cnx_update_bss_more
 *fill*         0x000000004021a0b7        0x1 
 .text.cnx_sta_leave
                0x000000004021a0b8      0x100 ../lib/libnet80211.a(wl_cnx.o)
                                        0x164 (size before relaxing)
                0x000000004021a0b8                cnx_sta_leave
 .text.send_ap_probe
                0x000000004021a1b8       0x8b ../lib/libnet80211.a(wl_cnx.o)
                                         0xa7 (size before relaxing)
 *fill*         0x000000004021a243        0x1 
 .text.cnx_beacon_timeout
                0x000000004021a244       0x3b ../lib/libnet80211.a(wl_cnx.o)
                                         0x4b (size before relaxing)
 *fill*         0x000000004021a27f        0x1 
 .text.mgd_probe_send_timeout
                0x000000004021a280       0xc8 ../lib/libnet80211.a(wl_cnx.o)
                                        0x104 (size before relaxing)
 .text.cnx_sta_associated
                0x000000004021a348      0x119 ../lib/libnet80211.a(wl_cnx.o)
                                        0x15d (size before relaxing)
                0x000000004021a35c                cnx_sta_associated
 *fill*         0x000000004021a461        0x3 
 .text.cnx_node_alloc
                0x000000004021a464       0x72 ../lib/libnet80211.a(wl_cnx.o)
                                         0x86 (size before relaxing)
                0x000000004021a464                cnx_node_alloc
 *fill*         0x000000004021a4d6        0x2 
 .text.cnx_node_remove
                0x000000004021a4d8       0x8b ../lib/libnet80211.a(wl_cnx.o)
                                         0xbf (size before relaxing)
                0x000000004021a4d8                cnx_node_remove
 *fill*         0x000000004021a563        0x1 
 .text.cnx_node_search
                0x000000004021a564       0x71 ../lib/libnet80211.a(wl_cnx.o)
                                         0x81 (size before relaxing)
                0x000000004021a564                cnx_node_search
 *fill*         0x000000004021a5d5        0x3 
 .text.cnx_node_leave
                0x000000004021a5d8      0x105 ../lib/libnet80211.a(wl_cnx.o)
                                        0x148 (size before relaxing)
                0x000000004021a5e0                cnx_node_leave
 *fill*         0x000000004021a6dd        0x3 
 .text.cnx_node_join
                0x000000004021a6e0      0x263 ../lib/libnet80211.a(wl_cnx.o)
                                        0x31b (size before relaxing)
                0x000000004021a6f0                cnx_node_join
 *fill*         0x000000004021a943        0x1 
 .text.ieee80211_send_action_register
                0x000000004021a944       0x3c ../lib/libnet80211.a(ieee80211_action.o)
                0x000000004021a950                ieee80211_send_action_register
 .text.ieee80211_send_action
                0x000000004021a980       0x5d ../lib/libnet80211.a(ieee80211_action.o)
                                         0x69 (size before relaxing)
                0x000000004021a984                ieee80211_send_action
 *fill*         0x000000004021a9dd        0x3 
 .text.ieee80211_recv_action_register
                0x000000004021a9e0       0x3c ../lib/libnet80211.a(ieee80211_action.o)
                0x000000004021a9ec                ieee80211_recv_action_register
 .text.ieee80211_recv_action
                0x000000004021aa1c       0x67 ../lib/libnet80211.a(ieee80211_action.o)
                                         0x77 (size before relaxing)
                0x000000004021aa20                ieee80211_recv_action
 *fill*         0x000000004021aa83        0x1 
 .text.get_iav_key
                0x000000004021aa84       0x25 ../lib/libnet80211.a(ieee80211_action_vendor.o)
                0x000000004021aa88                get_iav_key
 *fill*         0x000000004021aaa9        0x3 
 .text.ieee80211_recv_action_vendor_spec
                0x000000004021aaac      0x16d ../lib/libnet80211.a(ieee80211_action_vendor.o)
                                        0x195 (size before relaxing)
                0x000000004021aac4                ieee80211_recv_action_vendor_spec
 *fill*         0x000000004021ac19        0x3 
 .text.ieee80211_action_vendor_spec_attach
                0x000000004021ac1c       0x43 ../lib/libnet80211.a(ieee80211_action_vendor.o)
                                         0x53 (size before relaxing)
                0x000000004021ac24                ieee80211_action_vendor_spec_attach
 *fill*         0x000000004021ac5f        0x1 
 .text.ccmp_encap
                0x000000004021ac60       0x79 ../lib/libnet80211.a(ieee80211_crypto_ccmp.o)
                                         0x7d (size before relaxing)
 *fill*         0x000000004021acd9        0x3 
 .text.ieee80211_add_ie_vendor_esp_head
                0x000000004021acdc       0x3c ../lib/libnet80211.a(ieee80211_ie_vendor.o)
                                         0x40 (size before relaxing)
                0x000000004021ace0                ieee80211_add_ie_vendor_esp_head
 .text.ieee80211_add_ie_vendor_esp_simple_pair
                0x000000004021ad18       0x5e ../lib/libnet80211.a(ieee80211_ie_vendor.o)
                                         0x66 (size before relaxing)
                0x000000004021ad18                ieee80211_add_ie_vendor_esp_simple_pair
 *fill*         0x000000004021ad76        0x2 
 .text.ieee80211_add_ie_vendor_esp_freq_annon
                0x000000004021ad78       0x3b ../lib/libnet80211.a(ieee80211_ie_vendor.o)
                                         0x3f (size before relaxing)
                0x000000004021ad78                ieee80211_add_ie_vendor_esp_freq_annon
 *fill*         0x000000004021adb3        0x1 
 .text.ieee80211_add_ie_vendor_esp_ssid
                0x000000004021adb4       0x41 ../lib/libnet80211.a(ieee80211_ie_vendor.o)
                                         0x49 (size before relaxing)
                0x000000004021adb4                ieee80211_add_ie_vendor_esp_ssid
 *fill*         0x000000004021adf5        0x3 
 .text.ieee80211_add_ie_vendor_esp_manufacturer